[debug] [2025-07-16T17:56:39.448Z] ----------------------------------------------------------------------
[debug] [2025-07-16T17:56:39.453Z] Command:       C:\Program Files\nodejs\node.exe C:\Users\MEDDE\AppData\Roaming\npm\node_modules\firebase-tools\lib\bin\firebase.js init
[debug] [2025-07-16T17:56:39.454Z] CLI Version:   14.10.1
[debug] [2025-07-16T17:56:39.454Z] Platform:      win32
[debug] [2025-07-16T17:56:39.454Z] Node Version:  v24.3.0
[debug] [2025-07-16T17:56:39.454Z] Time:          Wed Jul 16 2025 18:56:39 GMT+0100 (West Africa Standard Time)
[debug] [2025-07-16T17:56:39.455Z] ----------------------------------------------------------------------
[debug] 
[debug] [2025-07-16T17:56:39.459Z] > command requires scopes: ["email","openid","https://www.googleapis.com/auth/cloudplatformprojects.readonly","https://www.googleapis.com/auth/firebase","https://www.googleapis.com/auth/cloud-platform"]
[debug] [2025-07-16T17:56:39.460Z] > authorizing via signed-in user (chaabanemed84@gmail.com)
[info] 
     ######## #### ########  ######## ########     ###     ######  ########
     ##        ##  ##     ## ##       ##     ##  ##   ##  ##       ##
     ######    ##  ########  ######   ########  #########  ######  ######
     ##        ##  ##    ##  ##       ##     ## ##     ##       ## ##
     ##       #### ##     ## ######## ########  ##     ##  ######  ########

You're about to initialize a Firebase project in this directory:

  C:\Users\MEDDE\sakado\sakado

[info] 
=== Project Setup
[info] 
[info] First, let's associate this project directory with a Firebase project.
[info] You can create multiple project aliases by running firebase use --add, 
[info] but for now we'll just set up a default project.
[info] 
[debug] [2025-07-16T17:56:58.741Z] Checked if tokens are valid: false, expires at: 1721242042234
[debug] [2025-07-16T17:56:58.742Z] Checked if tokens are valid: false, expires at: 1721242042234
[debug] [2025-07-16T17:56:58.742Z] > refreshing access token with scopes: []
[debug] [2025-07-16T17:56:58.744Z] >>> [apiv2][query] POST https://www.googleapis.com/oauth2/v3/token [none]
[debug] [2025-07-16T17:56:58.744Z] >>> [apiv2][body] POST https://www.googleapis.com/oauth2/v3/token [omitted]
[debug] [2025-07-16T17:56:59.124Z] <<< [apiv2][status] POST https://www.googleapis.com/oauth2/v3/token 400
[debug] [2025-07-16T17:56:59.124Z] <<< [apiv2][body] POST https://www.googleapis.com/oauth2/v3/token [omitted]
[debug] [2025-07-16T17:56:59.125Z] >>> [apiv2][query] GET https://firebase.googleapis.com/v1beta1/projects pageSize=100
[debug] [2025-07-16T17:56:59.400Z] <<< [apiv2][status] GET https://firebase.googleapis.com/v1beta1/projects 401
[debug] [2025-07-16T17:56:59.400Z] <<< [apiv2][body] GET https://firebase.googleapis.com/v1beta1/projects [omitted]
[debug] [2025-07-16T17:56:59.401Z] Got a 401 Unauthenticated error for a call that required authentication. Refreshing tokens.
[debug] [2025-07-16T17:56:59.401Z] Checked if tokens are valid: false, expires at: 1721242042234
[debug] [2025-07-16T17:56:59.401Z] Checked if tokens are valid: false, expires at: 1721242042234
[debug] [2025-07-16T17:56:59.401Z] > refreshing access token with scopes: []
[debug] [2025-07-16T17:56:59.401Z] >>> [apiv2][query] POST https://www.googleapis.com/oauth2/v3/token [none]
[debug] [2025-07-16T17:56:59.401Z] >>> [apiv2][body] POST https://www.googleapis.com/oauth2/v3/token [omitted]
[debug] [2025-07-16T17:56:59.541Z] <<< [apiv2][status] POST https://www.googleapis.com/oauth2/v3/token 400
[debug] [2025-07-16T17:56:59.542Z] <<< [apiv2][body] POST https://www.googleapis.com/oauth2/v3/token [omitted]
[debug] [2025-07-16T17:56:59.543Z] Request to https://firebase.googleapis.com/v1beta1/projects?pageSize=100 had HTTP Error: 401, Request had invalid authentication credentials. Expected OAuth 2 access token, login cookie or other valid authentication credential. See https://developers.google.com/identity/sign-in/web/devconsole-project.
[debug] [2025-07-16T17:56:59.834Z] FirebaseError: Request to https://firebase.googleapis.com/v1beta1/projects?pageSize=100 had HTTP Error: 401, Request had invalid authentication credentials. Expected OAuth 2 access token, login cookie or other valid authentication credential. See https://developers.google.com/identity/sign-in/web/devconsole-project.
    at responseToError (C:\Users\MEDDE\AppData\Roaming\npm\node_modules\firebase-tools\lib\responseToError.js:52:12)
    at RetryOperation._fn (C:\Users\MEDDE\AppData\Roaming\npm\node_modules\firebase-tools\lib\apiv2.js:312:77)
    at process.processTicksAndRejections (node:internal/process/task_queues:105:5)
[error] 
[error] Error: Failed to list Firebase projects. See firebase-debug.log for more info.
